============================= test session starts =============================
platform win32 -- Python 3.14.0, pytest-9.0.1, pluggy-1.6.0
rootdir: C:\Users\Abhiram\Desktop\water
plugins: anyio-4.11.0, asyncio-1.3.0
asyncio: mode=Mode.STRICT, debug=False, asyncio_default_fixture_loop_scope=None, asyncio_default_test_loop_scope=function
collected 2 items / 1 error

=================================== ERRORS ====================================
______________ ERROR collecting tests/test_dashboard_service.py _______________
ImportError while importing test module 'C:\Users\Abhiram\Desktop\water\tests\test_dashboard_service.py'.
Hint: make sure your test modules/packages have valid Python names.
Traceback:
C:\Python314\Lib\importlib\__init__.py:88: in import_module
    return _bootstrap._gcd_import(name[level:], package, level)
           ^^^^^^^^^^^^^^^^^^^^^^^^^^^^^^^^^^^^^^^^^^^^^^^^^^^^
tests\test_dashboard_service.py:6: in <module>
    from backend.services.dashboard_service import DashboardService
backend\services\dashboard_service.py:8: in <module>
    from backend.services.dashboard_models import (
E   ModuleNotFoundError: No module named 'backend.services.dashboard_models'
============================== warnings summary ===============================
backend\database\models.py:7
  C:\Users\Abhiram\Desktop\water\backend\database\models.py:7: MovedIn20Warning: The ``declarative_base()`` function is now available as sqlalchemy.orm.declarative_base(). (deprecated since: 2.0) (Background on SQLAlchemy 2.0 at: https://sqlalche.me/e/b8d9)
    Base = declarative_base()

..\..\AppData\Roaming\Python\Python314\site-packages\_pytest\cacheprovider.py:475
  C:\Users\Abhiram\AppData\Roaming\Python\Python314\site-packages\_pytest\cacheprovider.py:475: PytestCacheWarning: could not create cache path C:\Users\Abhiram\Desktop\water\.pytest_cache\v\cache\nodeids: [WinError 183] Cannot create a file when that file already exists: 'C:\\Users\\Abhiram\\Desktop\\water\\.pytest_cache\\v\\cache'
    config.cache.set("cache/nodeids", sorted(self.cached_nodeids))

..\..\AppData\Roaming\Python\Python314\site-packages\_pytest\cacheprovider.py:429
  C:\Users\Abhiram\AppData\Roaming\Python\Python314\site-packages\_pytest\cacheprovider.py:429: PytestCacheWarning: could not create cache path C:\Users\Abhiram\Desktop\water\.pytest_cache\v\cache\lastfailed: [WinError 183] Cannot create a file when that file already exists: 'C:\\Users\\Abhiram\\Desktop\\water\\.pytest_cache\\v\\cache'
    config.cache.set("cache/lastfailed", self.lastfailed)

-- Docs: https://docs.pytest.org/en/stable/how-to/capture-warnings.html
=========================== short test summary info ===========================
ERROR tests/test_dashboard_service.py
!!!!!!!!!!!!!!!!!!! Interrupted: 1 error during collection !!!!!!!!!!!!!!!!!!!!
======================== 3 warnings, 1 error in 1.36s =========================
